Archive member included because of file (symbol)

c:/program files (x86)/atmel/atmel studio 6.0/extensions/atmel/avrgcc/3.4.1.95/avrtoolchain/bin/../lib/gcc/avr/4.6.2/avr5\libgcc.a(_udivmodqi4.o)
                              3.0 APP/SourceFile/RealTime_ClK.o (__udivmodqi4)
c:/program files (x86)/atmel/atmel studio 6.0/extensions/atmel/avrgcc/3.4.1.95/avrtoolchain/bin/../lib/gcc/avr/4.6.2/avr5\libgcc.a(_exit.o)
                              c:/program files (x86)/atmel/atmel studio 6.0/extensions/atmel/avrgcc/3.4.1.95/avrtoolchain/bin/../lib/gcc/avr/4.6.2/../../../../avr/lib/avr5/crtm32a.o (exit)
c:/program files (x86)/atmel/atmel studio 6.0/extensions/atmel/avrgcc/3.4.1.95/avrtoolchain/bin/../lib/gcc/avr/4.6.2/avr5\libgcc.a(_copy_data.o)
                              1.0 MCAL/SourceFile/ATmega32A_DIO_Config.o (__do_copy_data)
c:/program files (x86)/atmel/atmel studio 6.0/extensions/atmel/avrgcc/3.4.1.95/avrtoolchain/bin/../lib/gcc/avr/4.6.2/avr5\libgcc.a(_clear_bss.o)
                              1.0 MCAL/SourceFile/ATmega32A_DIO_Config.o (__do_clear_bss)
c:/program files (x86)/atmel/atmel studio 6.0/extensions/atmel/avrgcc/3.4.1.95/avrtoolchain/bin/../lib/gcc/avr/4.6.2/../../../../avr/lib/avr5\libc.a(utoa.o)
                              2.0 HAL/SourceFile/LCD.o (utoa)
c:/program files (x86)/atmel/atmel studio 6.0/extensions/atmel/avrgcc/3.4.1.95/avrtoolchain/bin/../lib/gcc/avr/4.6.2/../../../../avr/lib/avr5\libc.a(strrev.o)
                              c:/program files (x86)/atmel/atmel studio 6.0/extensions/atmel/avrgcc/3.4.1.95/avrtoolchain/bin/../lib/gcc/avr/4.6.2/../../../../avr/lib/avr5\libc.a(utoa.o) (strrev)
c:/program files (x86)/atmel/atmel studio 6.0/extensions/atmel/avrgcc/3.4.1.95/avrtoolchain/bin/../lib/gcc/avr/4.6.2/avr5\libgcc.a(_udivmodhi4.o)
                              c:/program files (x86)/atmel/atmel studio 6.0/extensions/atmel/avrgcc/3.4.1.95/avrtoolchain/bin/../lib/gcc/avr/4.6.2/../../../../avr/lib/avr5\libc.a(utoa.o) (__udivmodhi4)

Allocating common symbols
Common symbol       size              file

Five_msec           0x1               3.0 APP/SourceFile/RealTime_ClK.o
oneSec_Counter      0x1               3.0 APP/SourceFile/RealTime_ClK.o
temp_var            0x1               3.0 APP/SourceFile/RealTime_ClK.o
oneMin_Counter      0x1               3.0 APP/SourceFile/RealTime_ClK.o
oneHr_Counter       0x1               3.0 APP/SourceFile/RealTime_ClK.o

Memory Configuration

Name             Origin             Length             Attributes
text             0x00000000         0x00020000         xr
data             0x00800060         0x0000ffa0         rw !x
eeprom           0x00810000         0x00010000         rw !x
fuse             0x00820000         0x00000400         rw !x
lock             0x00830000         0x00000400         rw !x
signature        0x00840000         0x00000400         rw !x
*default*        0x00000000         0xffffffff

Linker script and memory map

LOAD c:/program files (x86)/atmel/atmel studio 6.0/extensions/atmel/avrgcc/3.4.1.95/avrtoolchain/bin/../lib/gcc/avr/4.6.2/../../../../avr/lib/avr5/crtm32a.o
LOAD 1.0 MCAL/SourceFile/ATmega32A_DIO_Config.o
LOAD 1.0 MCAL/SourceFile/ATmega32A_Interrupt.o
LOAD 1.0 MCAL/SourceFile/ATmega32A_Timers_Config.o
LOAD 2.0 HAL/SourceFile/BCD_7Segment.o
LOAD 2.0 HAL/SourceFile/Keypad_Config_Driver.o
LOAD 2.0 HAL/SourceFile/LCD.o
LOAD 3.0 APP/SourceFile/RealTime_ClK.o
LOAD Digital Clock.o
START GROUP
LOAD c:/program files (x86)/atmel/atmel studio 6.0/extensions/atmel/avrgcc/3.4.1.95/avrtoolchain/bin/../lib/gcc/avr/4.6.2/../../../../avr/lib/avr5\libm.a
END GROUP
LOAD c:/program files (x86)/atmel/atmel studio 6.0/extensions/atmel/avrgcc/3.4.1.95/avrtoolchain/bin/../lib/gcc/avr/4.6.2/avr5\libgcc.a
LOAD c:/program files (x86)/atmel/atmel studio 6.0/extensions/atmel/avrgcc/3.4.1.95/avrtoolchain/bin/../lib/gcc/avr/4.6.2/../../../../avr/lib/avr5\libc.a
LOAD c:/program files (x86)/atmel/atmel studio 6.0/extensions/atmel/avrgcc/3.4.1.95/avrtoolchain/bin/../lib/gcc/avr/4.6.2/avr5\libgcc.a

.hash
 *(.hash)

.dynsym
 *(.dynsym)

.dynstr
 *(.dynstr)

.gnu.version
 *(.gnu.version)

.gnu.version_d
 *(.gnu.version_d)

.gnu.version_r
 *(.gnu.version_r)

.rel.init
 *(.rel.init)

.rela.init
 *(.rela.init)

.rel.text
 *(.rel.text)
 *(.rel.text.*)
 *(.rel.gnu.linkonce.t*)

.rela.text
 *(.rela.text)
 *(.rela.text.*)
 *(.rela.gnu.linkonce.t*)

.rel.fini
 *(.rel.fini)

.rela.fini
 *(.rela.fini)

.rel.rodata
 *(.rel.rodata)
 *(.rel.rodata.*)
 *(.rel.gnu.linkonce.r*)

.rela.rodata
 *(.rela.rodata)
 *(.rela.rodata.*)
 *(.rela.gnu.linkonce.r*)

.rel.data
 *(.rel.data)
 *(.rel.data.*)
 *(.rel.gnu.linkonce.d*)

.rela.data
 *(.rela.data)
 *(.rela.data.*)
 *(.rela.gnu.linkonce.d*)

.rel.ctors
 *(.rel.ctors)

.rela.ctors
 *(.rela.ctors)

.rel.dtors
 *(.rel.dtors)

.rela.dtors
 *(.rela.dtors)

.rel.got
 *(.rel.got)

.rela.got
 *(.rela.got)

.rel.bss
 *(.rel.bss)

.rela.bss
 *(.rela.bss)

.rel.plt
 *(.rel.plt)

.rela.plt
 *(.rela.plt)

.text           0x00000000     0x145e
 *(.vectors)
 .vectors       0x00000000       0x54 c:/program files (x86)/atmel/atmel studio 6.0/extensions/atmel/avrgcc/3.4.1.95/avrtoolchain/bin/../lib/gcc/avr/4.6.2/../../../../avr/lib/avr5/crtm32a.o
                0x00000000                __vector_default
                0x00000000                __vectors
 *(.vectors)
 *(.progmem.gcc*)
 *(.progmem*)
                0x00000054                . = ALIGN (0x2)
                0x00000054                __trampolines_start = .
 *(.trampolines)
 .trampolines   0x00000054        0x0 linker stubs
 *(.trampolines*)
                0x00000054                __trampolines_end = .
 *(.jumptables)
 *(.jumptables*)
 *(.lowtext)
 *(.lowtext*)
                0x00000054                __ctors_start = .
 *(.ctors)
                0x00000054                __ctors_end = .
                0x00000054                __dtors_start = .
 *(.dtors)
                0x00000054                __dtors_end = .
 SORT(*)(.ctors)
 SORT(*)(.dtors)
 *(.init0)
 .init0         0x00000054        0x0 c:/program files (x86)/atmel/atmel studio 6.0/extensions/atmel/avrgcc/3.4.1.95/avrtoolchain/bin/../lib/gcc/avr/4.6.2/../../../../avr/lib/avr5/crtm32a.o
                0x00000054                __init
 *(.init0)
 *(.init1)
 *(.init1)
 *(.init2)
 .init2         0x00000054        0xc c:/program files (x86)/atmel/atmel studio 6.0/extensions/atmel/avrgcc/3.4.1.95/avrtoolchain/bin/../lib/gcc/avr/4.6.2/../../../../avr/lib/avr5/crtm32a.o
 *(.init2)
 *(.init3)
 *(.init3)
 *(.init4)
 .init4         0x00000060       0x16 c:/program files (x86)/atmel/atmel studio 6.0/extensions/atmel/avrgcc/3.4.1.95/avrtoolchain/bin/../lib/gcc/avr/4.6.2/avr5\libgcc.a(_copy_data.o)
                0x00000060                __do_copy_data
 .init4         0x00000076       0x10 c:/program files (x86)/atmel/atmel studio 6.0/extensions/atmel/avrgcc/3.4.1.95/avrtoolchain/bin/../lib/gcc/avr/4.6.2/avr5\libgcc.a(_clear_bss.o)
                0x00000076                __do_clear_bss
 *(.init4)
 *(.init5)
 *(.init5)
 *(.init6)
 *(.init6)
 *(.init7)
 *(.init7)
 *(.init8)
 *(.init8)
 *(.init9)
 .init9         0x00000086        0x8 c:/program files (x86)/atmel/atmel studio 6.0/extensions/atmel/avrgcc/3.4.1.95/avrtoolchain/bin/../lib/gcc/avr/4.6.2/../../../../avr/lib/avr5/crtm32a.o
 *(.init9)
 *(.text)
 .text          0x0000008e        0x4 c:/program files (x86)/atmel/atmel studio 6.0/extensions/atmel/avrgcc/3.4.1.95/avrtoolchain/bin/../lib/gcc/avr/4.6.2/../../../../avr/lib/avr5/crtm32a.o
                0x0000008e                __vector_12
                0x0000008e                __bad_interrupt
                0x0000008e                __vector_6
                0x0000008e                __vector_3
                0x0000008e                __vector_11
                0x0000008e                __vector_13
                0x0000008e                __vector_17
                0x0000008e                __vector_19
                0x0000008e                __vector_7
                0x0000008e                __vector_4
                0x0000008e                __vector_9
                0x0000008e                __vector_15
                0x0000008e                __vector_8
                0x0000008e                __vector_14
                0x0000008e                __vector_16
                0x0000008e                __vector_18
                0x0000008e                __vector_20
 .text          0x00000092       0xde 1.0 MCAL/SourceFile/ATmega32A_DIO_Config.o
                0x00000092                DIO_pinConfiguration
                0x000000fe                DIO_pinWrite
                0x00000136                DIO_pinRead
                0x0000015c                DIO_portConfiguration
                0x00000162                DIO_portWrite
                0x00000168                DIO_portRead
 .text          0x00000170      0x170 1.0 MCAL/SourceFile/ATmega32A_Interrupt.o
                0x00000170                __vector_1
                0x000001c2                __vector_2
                0x00000214                EXTINT_InterruptInit
 .text          0x000002e0      0x2d8 1.0 MCAL/SourceFile/ATmega32A_Timers_Config.o
                0x000002e0                TIMER_INTIATE
                0x0000040e                TIMER_DELAY
                0x00000420                TIMER_WAVEGEN_NPWM
                0x000004b8                TIMER_WAVEGEN_FASTPWM
                0x00000538                TIMER_WAVEGEN_PHACECORRECTPWM
 .text          0x000005b8       0xf8 2.0 HAL/SourceFile/BCD_7Segment.o
                0x000005b8                sevenSegment_setup
                0x00000616                sevenSegment_write
 .text          0x000006b0      0x33c 2.0 HAL/SourceFile/Keypad_Config_Driver.o
                0x000007d0                keypad_Intiat
                0x00000826                keypad_Read
 .text          0x000009ec      0x238 2.0 HAL/SourceFile/LCD.o
                0x000009ec                Send_instruction
                0x00000a6e                LCD_init
                0x00000a94                LCD_Clear
                0x00000a9c                LCD_DisplayChar
                0x00000b1e                LCD_DisplayString
                0x00000b3c                LCD_Select_RowCol
                0x00000b7c                LCD_DisplayInt
                0x00000bd6                LCD_StoreCustomchar
 .text          0x00000c24      0x7a8 3.0 APP/SourceFile/RealTime_ClK.o
                0x00000c24                RealTime_ClK_INTIA
                0x00000d18                RealTime_ClK_OPERATE
                0x0000138c                __vector_10
                0x000013aa                __vector_5
 .text          0x000013cc        0x0 Digital Clock.o
 .text          0x000013cc        0x0 c:/program files (x86)/atmel/atmel studio 6.0/extensions/atmel/avrgcc/3.4.1.95/avrtoolchain/bin/../lib/gcc/avr/4.6.2/avr5\libgcc.a(_udivmodqi4.o)
 .text          0x000013cc        0x0 c:/program files (x86)/atmel/atmel studio 6.0/extensions/atmel/avrgcc/3.4.1.95/avrtoolchain/bin/../lib/gcc/avr/4.6.2/avr5\libgcc.a(_exit.o)
 .text          0x000013cc        0x0 c:/program files (x86)/atmel/atmel studio 6.0/extensions/atmel/avrgcc/3.4.1.95/avrtoolchain/bin/../lib/gcc/avr/4.6.2/avr5\libgcc.a(_copy_data.o)
 .text          0x000013cc        0x0 c:/program files (x86)/atmel/atmel studio 6.0/extensions/atmel/avrgcc/3.4.1.95/avrtoolchain/bin/../lib/gcc/avr/4.6.2/avr5\libgcc.a(_clear_bss.o)
 .text          0x000013cc        0x0 c:/program files (x86)/atmel/atmel studio 6.0/extensions/atmel/avrgcc/3.4.1.95/avrtoolchain/bin/../lib/gcc/avr/4.6.2/../../../../avr/lib/avr5\libc.a(utoa.o)
 .text          0x000013cc        0x0 c:/program files (x86)/atmel/atmel studio 6.0/extensions/atmel/avrgcc/3.4.1.95/avrtoolchain/bin/../lib/gcc/avr/4.6.2/../../../../avr/lib/avr5\libc.a(strrev.o)
 .text          0x000013cc        0x0 c:/program files (x86)/atmel/atmel studio 6.0/extensions/atmel/avrgcc/3.4.1.95/avrtoolchain/bin/../lib/gcc/avr/4.6.2/avr5\libgcc.a(_udivmodhi4.o)
                0x000013cc                . = ALIGN (0x2)
 *(.text.*)
 .text.startup  0x000013cc        0x2 Digital Clock.o
                0x000013cc                main
 .text.libgcc   0x000013ce       0x18 c:/program files (x86)/atmel/atmel studio 6.0/extensions/atmel/avrgcc/3.4.1.95/avrtoolchain/bin/../lib/gcc/avr/4.6.2/avr5\libgcc.a(_udivmodqi4.o)
                0x000013ce                __udivmodqi4
 .text.libgcc   0x000013e6        0x0 c:/program files (x86)/atmel/atmel studio 6.0/extensions/atmel/avrgcc/3.4.1.95/avrtoolchain/bin/../lib/gcc/avr/4.6.2/avr5\libgcc.a(_exit.o)
 .text.libgcc   0x000013e6        0x0 c:/program files (x86)/atmel/atmel studio 6.0/extensions/atmel/avrgcc/3.4.1.95/avrtoolchain/bin/../lib/gcc/avr/4.6.2/avr5\libgcc.a(_copy_data.o)
 .text.libgcc   0x000013e6        0x0 c:/program files (x86)/atmel/atmel studio 6.0/extensions/atmel/avrgcc/3.4.1.95/avrtoolchain/bin/../lib/gcc/avr/4.6.2/avr5\libgcc.a(_clear_bss.o)
 .text.avr-libc
                0x000013e6       0x2c c:/program files (x86)/atmel/atmel studio 6.0/extensions/atmel/avrgcc/3.4.1.95/avrtoolchain/bin/../lib/gcc/avr/4.6.2/../../../../avr/lib/avr5\libc.a(utoa.o)
                0x000013e6                utoa
 .text.avr-libc
                0x00001412       0x20 c:/program files (x86)/atmel/atmel studio 6.0/extensions/atmel/avrgcc/3.4.1.95/avrtoolchain/bin/../lib/gcc/avr/4.6.2/../../../../avr/lib/avr5\libc.a(strrev.o)
                0x00001412                strrev
 .text.libgcc   0x00001432       0x28 c:/program files (x86)/atmel/atmel studio 6.0/extensions/atmel/avrgcc/3.4.1.95/avrtoolchain/bin/../lib/gcc/avr/4.6.2/avr5\libgcc.a(_udivmodhi4.o)
                0x00001432                __udivmodhi4
                0x0000145a                . = ALIGN (0x2)
 *(.fini9)
 .fini9         0x0000145a        0x0 c:/program files (x86)/atmel/atmel studio 6.0/extensions/atmel/avrgcc/3.4.1.95/avrtoolchain/bin/../lib/gcc/avr/4.6.2/avr5\libgcc.a(_exit.o)
                0x0000145a                _exit
                0x0000145a                exit
 *(.fini9)
 *(.fini8)
 *(.fini8)
 *(.fini7)
 *(.fini7)
 *(.fini6)
 *(.fini6)
 *(.fini5)
 *(.fini5)
 *(.fini4)
 *(.fini4)
 *(.fini3)
 *(.fini3)
 *(.fini2)
 *(.fini2)
 *(.fini1)
 *(.fini1)
 *(.fini0)
 .fini0         0x0000145a        0x4 c:/program files (x86)/atmel/atmel studio 6.0/extensions/atmel/avrgcc/3.4.1.95/avrtoolchain/bin/../lib/gcc/avr/4.6.2/avr5\libgcc.a(_exit.o)
 *(.fini0)
                0x0000145e                _etext = .

.data           0x00800060       0x8a load address 0x0000145e
                0x00800060                PROVIDE (__data_start, .)
 *(.data)
 .data          0x00800060        0x0 c:/program files (x86)/atmel/atmel studio 6.0/extensions/atmel/avrgcc/3.4.1.95/avrtoolchain/bin/../lib/gcc/avr/4.6.2/../../../../avr/lib/avr5/crtm32a.o
 .data          0x00800060        0x0 1.0 MCAL/SourceFile/ATmega32A_DIO_Config.o
 .data          0x00800060        0x0 1.0 MCAL/SourceFile/ATmega32A_Interrupt.o
 .data          0x00800060        0x8 1.0 MCAL/SourceFile/ATmega32A_Timers_Config.o
 .data          0x00800068        0x0 2.0 HAL/SourceFile/BCD_7Segment.o
 .data          0x00800068        0x0 2.0 HAL/SourceFile/Keypad_Config_Driver.o
 .data          0x00800068        0x0 2.0 HAL/SourceFile/LCD.o
 .data          0x00800068       0x81 3.0 APP/SourceFile/RealTime_ClK.o
                0x008000c1                pins_7Segment
                0x008000c7                timer2
                0x008000cb                timer0
                0x008000cf                KeyData
                0x008000df                key
 .data          0x008000e9        0x0 Digital Clock.o
 .data          0x008000e9        0x0 c:/program files (x86)/atmel/atmel studio 6.0/extensions/atmel/avrgcc/3.4.1.95/avrtoolchain/bin/../lib/gcc/avr/4.6.2/avr5\libgcc.a(_udivmodqi4.o)
 .data          0x008000e9        0x0 c:/program files (x86)/atmel/atmel studio 6.0/extensions/atmel/avrgcc/3.4.1.95/avrtoolchain/bin/../lib/gcc/avr/4.6.2/avr5\libgcc.a(_exit.o)
 .data          0x008000e9        0x0 c:/program files (x86)/atmel/atmel studio 6.0/extensions/atmel/avrgcc/3.4.1.95/avrtoolchain/bin/../lib/gcc/avr/4.6.2/avr5\libgcc.a(_copy_data.o)
 .data          0x008000e9        0x0 c:/program files (x86)/atmel/atmel studio 6.0/extensions/atmel/avrgcc/3.4.1.95/avrtoolchain/bin/../lib/gcc/avr/4.6.2/avr5\libgcc.a(_clear_bss.o)
 .data          0x008000e9        0x0 c:/program files (x86)/atmel/atmel studio 6.0/extensions/atmel/avrgcc/3.4.1.95/avrtoolchain/bin/../lib/gcc/avr/4.6.2/../../../../avr/lib/avr5\libc.a(utoa.o)
 .data          0x008000e9        0x0 c:/program files (x86)/atmel/atmel studio 6.0/extensions/atmel/avrgcc/3.4.1.95/avrtoolchain/bin/../lib/gcc/avr/4.6.2/../../../../avr/lib/avr5\libc.a(strrev.o)
 .data          0x008000e9        0x0 c:/program files (x86)/atmel/atmel studio 6.0/extensions/atmel/avrgcc/3.4.1.95/avrtoolchain/bin/../lib/gcc/avr/4.6.2/avr5\libgcc.a(_udivmodhi4.o)
 *(.data*)
 *(.rodata)
 *(.rodata*)
 *(.gnu.linkonce.d*)
                0x008000ea                . = ALIGN (0x2)
 *fill*         0x008000e9        0x1 00
                0x008000ea                _edata = .
                0x008000ea                PROVIDE (__data_end, .)

.bss            0x008000ea        0xb
                0x008000ea                PROVIDE (__bss_start, .)
 *(.bss)
 .bss           0x008000ea        0x0 c:/program files (x86)/atmel/atmel studio 6.0/extensions/atmel/avrgcc/3.4.1.95/avrtoolchain/bin/../lib/gcc/avr/4.6.2/../../../../avr/lib/avr5/crtm32a.o
 .bss           0x008000ea        0x0 1.0 MCAL/SourceFile/ATmega32A_DIO_Config.o
 .bss           0x008000ea        0x6 1.0 MCAL/SourceFile/ATmega32A_Interrupt.o
                0x008000ea                EXTINT2_ISR
                0x008000ec                EXTINT1_ISR
                0x008000ee                EXTINT0_ISR
 .bss           0x008000f0        0x0 1.0 MCAL/SourceFile/ATmega32A_Timers_Config.o
 .bss           0x008000f0        0x0 2.0 HAL/SourceFile/BCD_7Segment.o
 .bss           0x008000f0        0x0 2.0 HAL/SourceFile/Keypad_Config_Driver.o
 .bss           0x008000f0        0x0 2.0 HAL/SourceFile/LCD.o
 .bss           0x008000f0        0x0 3.0 APP/SourceFile/RealTime_ClK.o
 .bss           0x008000f0        0x0 Digital Clock.o
 .bss           0x008000f0        0x0 c:/program files (x86)/atmel/atmel studio 6.0/extensions/atmel/avrgcc/3.4.1.95/avrtoolchain/bin/../lib/gcc/avr/4.6.2/avr5\libgcc.a(_udivmodqi4.o)
 .bss           0x008000f0        0x0 c:/program files (x86)/atmel/atmel studio 6.0/extensions/atmel/avrgcc/3.4.1.95/avrtoolchain/bin/../lib/gcc/avr/4.6.2/avr5\libgcc.a(_exit.o)
 .bss           0x008000f0        0x0 c:/program files (x86)/atmel/atmel studio 6.0/extensions/atmel/avrgcc/3.4.1.95/avrtoolchain/bin/../lib/gcc/avr/4.6.2/avr5\libgcc.a(_copy_data.o)
 .bss           0x008000f0        0x0 c:/program files (x86)/atmel/atmel studio 6.0/extensions/atmel/avrgcc/3.4.1.95/avrtoolchain/bin/../lib/gcc/avr/4.6.2/avr5\libgcc.a(_clear_bss.o)
 .bss           0x008000f0        0x0 c:/program files (x86)/atmel/atmel studio 6.0/extensions/atmel/avrgcc/3.4.1.95/avrtoolchain/bin/../lib/gcc/avr/4.6.2/../../../../avr/lib/avr5\libc.a(utoa.o)
 .bss           0x008000f0        0x0 c:/program files (x86)/atmel/atmel studio 6.0/extensions/atmel/avrgcc/3.4.1.95/avrtoolchain/bin/../lib/gcc/avr/4.6.2/../../../../avr/lib/avr5\libc.a(strrev.o)
 .bss           0x008000f0        0x0 c:/program files (x86)/atmel/atmel studio 6.0/extensions/atmel/avrgcc/3.4.1.95/avrtoolchain/bin/../lib/gcc/avr/4.6.2/avr5\libgcc.a(_udivmodhi4.o)
 *(.bss*)
 *(COMMON)
 COMMON         0x008000f0        0x5 3.0 APP/SourceFile/RealTime_ClK.o
                0x008000f0                Five_msec
                0x008000f1                oneSec_Counter
                0x008000f2                temp_var
                0x008000f3                oneMin_Counter
                0x008000f4                oneHr_Counter
                0x008000f5                PROVIDE (__bss_end, .)
                0x0000145e                __data_load_start = LOADADDR (.data)
                0x000014e8                __data_load_end = (__data_load_start + SIZEOF (.data))

.noinit         0x008000f5        0x0
                0x008000f5                PROVIDE (__noinit_start, .)
 *(.noinit*)
                0x008000f5                PROVIDE (__noinit_end, .)
                0x008000f5                _end = .
                0x008000f5                PROVIDE (__heap_start, .)

.eeprom         0x00810000        0x0
 *(.eeprom*)
                0x00810000                __eeprom_end = .

.fuse
 *(.fuse)
 *(.lfuse)
 *(.hfuse)
 *(.efuse)

.lock
 *(.lock*)

.signature
 *(.signature*)

.stab           0x00000000      0x8d0
 *(.stab)
 .stab          0x00000000      0x6cc c:/program files (x86)/atmel/atmel studio 6.0/extensions/atmel/avrgcc/3.4.1.95/avrtoolchain/bin/../lib/gcc/avr/4.6.2/../../../../avr/lib/avr5/crtm32a.o
 .stab          0x000006cc      0x12c c:/program files (x86)/atmel/atmel studio 6.0/extensions/atmel/avrgcc/3.4.1.95/avrtoolchain/bin/../lib/gcc/avr/4.6.2/../../../../avr/lib/avr5\libc.a(utoa.o)
                                0x138 (size before relaxing)
 .stab          0x000007f8       0xd8 c:/program files (x86)/atmel/atmel studio 6.0/extensions/atmel/avrgcc/3.4.1.95/avrtoolchain/bin/../lib/gcc/avr/4.6.2/../../../../avr/lib/avr5\libc.a(strrev.o)
                                 0xe4 (size before relaxing)

.stabstr        0x00000000      0x14d
 *(.stabstr)
 .stabstr       0x00000000      0x14d c:/program files (x86)/atmel/atmel studio 6.0/extensions/atmel/avrgcc/3.4.1.95/avrtoolchain/bin/../lib/gcc/avr/4.6.2/../../../../avr/lib/avr5/crtm32a.o

.stab.excl
 *(.stab.excl)

.stab.exclstr
 *(.stab.exclstr)

.stab.index
 *(.stab.index)

.stab.indexstr
 *(.stab.indexstr)

.comment
 *(.comment)

.debug
 *(.debug)

.line
 *(.line)

.debug_srcinfo
 *(.debug_srcinfo)

.debug_sfnames
 *(.debug_sfnames)

.debug_aranges  0x00000000      0x1a0
 *(.debug_aranges)
 .debug_aranges
                0x00000000       0x20 1.0 MCAL/SourceFile/ATmega32A_DIO_Config.o
 .debug_aranges
                0x00000020       0x20 1.0 MCAL/SourceFile/ATmega32A_Interrupt.o
 .debug_aranges
                0x00000040       0x20 1.0 MCAL/SourceFile/ATmega32A_Timers_Config.o
 .debug_aranges
                0x00000060       0x20 2.0 HAL/SourceFile/BCD_7Segment.o
 .debug_aranges
                0x00000080       0x20 2.0 HAL/SourceFile/Keypad_Config_Driver.o
 .debug_aranges
                0x000000a0       0x20 2.0 HAL/SourceFile/LCD.o
 .debug_aranges
                0x000000c0       0x20 3.0 APP/SourceFile/RealTime_ClK.o
 .debug_aranges
                0x000000e0       0x20 Digital Clock.o
 .debug_aranges
                0x00000100       0x20 c:/program files (x86)/atmel/atmel studio 6.0/extensions/atmel/avrgcc/3.4.1.95/avrtoolchain/bin/../lib/gcc/avr/4.6.2/avr5\libgcc.a(_udivmodqi4.o)
 .debug_aranges
                0x00000120       0x20 c:/program files (x86)/atmel/atmel studio 6.0/extensions/atmel/avrgcc/3.4.1.95/avrtoolchain/bin/../lib/gcc/avr/4.6.2/avr5\libgcc.a(_exit.o)
 .debug_aranges
                0x00000140       0x20 c:/program files (x86)/atmel/atmel studio 6.0/extensions/atmel/avrgcc/3.4.1.95/avrtoolchain/bin/../lib/gcc/avr/4.6.2/avr5\libgcc.a(_copy_data.o)
 .debug_aranges
                0x00000160       0x20 c:/program files (x86)/atmel/atmel studio 6.0/extensions/atmel/avrgcc/3.4.1.95/avrtoolchain/bin/../lib/gcc/avr/4.6.2/avr5\libgcc.a(_clear_bss.o)
 .debug_aranges
                0x00000180       0x20 c:/program files (x86)/atmel/atmel studio 6.0/extensions/atmel/avrgcc/3.4.1.95/avrtoolchain/bin/../lib/gcc/avr/4.6.2/avr5\libgcc.a(_udivmodhi4.o)

.debug_pubnames
 *(.debug_pubnames)

.debug_info     0x00000000     0x1f72
 *(.debug_info)
 .debug_info    0x00000000      0x2e4 1.0 MCAL/SourceFile/ATmega32A_DIO_Config.o
 .debug_info    0x000002e4      0x181 1.0 MCAL/SourceFile/ATmega32A_Interrupt.o
 .debug_info    0x00000465      0x3be 1.0 MCAL/SourceFile/ATmega32A_Timers_Config.o
 .debug_info    0x00000823      0x1dc 2.0 HAL/SourceFile/BCD_7Segment.o
 .debug_info    0x000009ff      0x54a 2.0 HAL/SourceFile/Keypad_Config_Driver.o
 .debug_info    0x00000f49      0x682 2.0 HAL/SourceFile/LCD.o
 .debug_info    0x000015cb      0x4db 3.0 APP/SourceFile/RealTime_ClK.o
 .debug_info    0x00001aa6       0x7b Digital Clock.o
 .debug_info    0x00001b21       0xdd c:/program files (x86)/atmel/atmel studio 6.0/extensions/atmel/avrgcc/3.4.1.95/avrtoolchain/bin/../lib/gcc/avr/4.6.2/avr5\libgcc.a(_udivmodqi4.o)
 .debug_info    0x00001bfe       0xdd c:/program files (x86)/atmel/atmel studio 6.0/extensions/atmel/avrgcc/3.4.1.95/avrtoolchain/bin/../lib/gcc/avr/4.6.2/avr5\libgcc.a(_exit.o)
 .debug_info    0x00001cdb       0xdd c:/program files (x86)/atmel/atmel studio 6.0/extensions/atmel/avrgcc/3.4.1.95/avrtoolchain/bin/../lib/gcc/avr/4.6.2/avr5\libgcc.a(_copy_data.o)
 .debug_info    0x00001db8       0xdd c:/program files (x86)/atmel/atmel studio 6.0/extensions/atmel/avrgcc/3.4.1.95/avrtoolchain/bin/../lib/gcc/avr/4.6.2/avr5\libgcc.a(_clear_bss.o)
 .debug_info    0x00001e95       0xdd c:/program files (x86)/atmel/atmel studio 6.0/extensions/atmel/avrgcc/3.4.1.95/avrtoolchain/bin/../lib/gcc/avr/4.6.2/avr5\libgcc.a(_udivmodhi4.o)
 *(.gnu.linkonce.wi.*)

.debug_abbrev   0x00000000      0x949
 *(.debug_abbrev)
 .debug_abbrev  0x00000000      0x109 1.0 MCAL/SourceFile/ATmega32A_DIO_Config.o
 .debug_abbrev  0x00000109       0xbe 1.0 MCAL/SourceFile/ATmega32A_Interrupt.o
 .debug_abbrev  0x000001c7      0x14f 1.0 MCAL/SourceFile/ATmega32A_Timers_Config.o
 .debug_abbrev  0x00000316       0xc7 2.0 HAL/SourceFile/BCD_7Segment.o
 .debug_abbrev  0x000003dd      0x1e0 2.0 HAL/SourceFile/Keypad_Config_Driver.o
 .debug_abbrev  0x000005bd      0x1df 2.0 HAL/SourceFile/LCD.o
 .debug_abbrev  0x0000079c      0x106 3.0 APP/SourceFile/RealTime_ClK.o
 .debug_abbrev  0x000008a2       0x43 Digital Clock.o
 .debug_abbrev  0x000008e5       0x14 c:/program files (x86)/atmel/atmel studio 6.0/extensions/atmel/avrgcc/3.4.1.95/avrtoolchain/bin/../lib/gcc/avr/4.6.2/avr5\libgcc.a(_udivmodqi4.o)
 .debug_abbrev  0x000008f9       0x14 c:/program files (x86)/atmel/atmel studio 6.0/extensions/atmel/avrgcc/3.4.1.95/avrtoolchain/bin/../lib/gcc/avr/4.6.2/avr5\libgcc.a(_exit.o)
 .debug_abbrev  0x0000090d       0x14 c:/program files (x86)/atmel/atmel studio 6.0/extensions/atmel/avrgcc/3.4.1.95/avrtoolchain/bin/../lib/gcc/avr/4.6.2/avr5\libgcc.a(_copy_data.o)
 .debug_abbrev  0x00000921       0x14 c:/program files (x86)/atmel/atmel studio 6.0/extensions/atmel/avrgcc/3.4.1.95/avrtoolchain/bin/../lib/gcc/avr/4.6.2/avr5\libgcc.a(_clear_bss.o)
 .debug_abbrev  0x00000935       0x14 c:/program files (x86)/atmel/atmel studio 6.0/extensions/atmel/avrgcc/3.4.1.95/avrtoolchain/bin/../lib/gcc/avr/4.6.2/avr5\libgcc.a(_udivmodhi4.o)

.debug_line     0x00000000      0xf52
 *(.debug_line)
 .debug_line    0x00000000       0xf1 1.0 MCAL/SourceFile/ATmega32A_DIO_Config.o
 .debug_line    0x000000f1       0xf3 1.0 MCAL/SourceFile/ATmega32A_Interrupt.o
 .debug_line    0x000001e4      0x1fc 1.0 MCAL/SourceFile/ATmega32A_Timers_Config.o
 .debug_line    0x000003e0       0xef 2.0 HAL/SourceFile/BCD_7Segment.o
 .debug_line    0x000004cf      0x2c0 2.0 HAL/SourceFile/Keypad_Config_Driver.o
 .debug_line    0x0000078f      0x2c3 2.0 HAL/SourceFile/LCD.o
 .debug_line    0x00000a52      0x1ec 3.0 APP/SourceFile/RealTime_ClK.o
 .debug_line    0x00000c3e       0x41 Digital Clock.o
 .debug_line    0x00000c7f       0x92 c:/program files (x86)/atmel/atmel studio 6.0/extensions/atmel/avrgcc/3.4.1.95/avrtoolchain/bin/../lib/gcc/avr/4.6.2/avr5\libgcc.a(_udivmodqi4.o)
 .debug_line    0x00000d11       0x88 c:/program files (x86)/atmel/atmel studio 6.0/extensions/atmel/avrgcc/3.4.1.95/avrtoolchain/bin/../lib/gcc/avr/4.6.2/avr5\libgcc.a(_exit.o)
 .debug_line    0x00000d99       0x91 c:/program files (x86)/atmel/atmel studio 6.0/extensions/atmel/avrgcc/3.4.1.95/avrtoolchain/bin/../lib/gcc/avr/4.6.2/avr5\libgcc.a(_copy_data.o)
 .debug_line    0x00000e2a       0x8e c:/program files (x86)/atmel/atmel studio 6.0/extensions/atmel/avrgcc/3.4.1.95/avrtoolchain/bin/../lib/gcc/avr/4.6.2/avr5\libgcc.a(_clear_bss.o)
 .debug_line    0x00000eb8       0x9a c:/program files (x86)/atmel/atmel studio 6.0/extensions/atmel/avrgcc/3.4.1.95/avrtoolchain/bin/../lib/gcc/avr/4.6.2/avr5\libgcc.a(_udivmodhi4.o)

.debug_frame    0x00000000      0x480
 *(.debug_frame)
 .debug_frame   0x00000000       0x74 1.0 MCAL/SourceFile/ATmega32A_DIO_Config.o
 .debug_frame   0x00000074       0xd4 1.0 MCAL/SourceFile/ATmega32A_Interrupt.o
 .debug_frame   0x00000148       0x7c 1.0 MCAL/SourceFile/ATmega32A_Timers_Config.o
 .debug_frame   0x000001c4       0x74 2.0 HAL/SourceFile/BCD_7Segment.o
 .debug_frame   0x00000238       0xd0 2.0 HAL/SourceFile/Keypad_Config_Driver.o
 .debug_frame   0x00000308       0xc4 2.0 HAL/SourceFile/LCD.o
 .debug_frame   0x000003cc       0x90 3.0 APP/SourceFile/RealTime_ClK.o
 .debug_frame   0x0000045c       0x24 Digital Clock.o

.debug_str      0x00000000      0x997
 *(.debug_str)
 .debug_str     0x00000000      0x20e 1.0 MCAL/SourceFile/ATmega32A_DIO_Config.o
                                0x23a (size before relaxing)
 .debug_str     0x0000020e      0x108 1.0 MCAL/SourceFile/ATmega32A_Interrupt.o
                                0x1d4 (size before relaxing)
 .debug_str     0x00000316      0x325 1.0 MCAL/SourceFile/ATmega32A_Timers_Config.o
                                0x44b (size before relaxing)
 .debug_str     0x0000063b       0x81 2.0 HAL/SourceFile/BCD_7Segment.o
                                0x1a2 (size before relaxing)
 .debug_str     0x000006bc      0x143 2.0 HAL/SourceFile/Keypad_Config_Driver.o
                                0x276 (size before relaxing)
 .debug_str     0x000007ff       0xbf 2.0 HAL/SourceFile/LCD.o
                                0x236 (size before relaxing)
 .debug_str     0x000008be       0xbf 3.0 APP/SourceFile/RealTime_ClK.o
                                0x46f (size before relaxing)
 .debug_str     0x0000097d       0x1a Digital Clock.o
                                 0xbe (size before relaxing)

.debug_loc      0x00000000     0x126d
 *(.debug_loc)
 .debug_loc     0x00000000       0xa0 1.0 MCAL/SourceFile/ATmega32A_DIO_Config.o
 .debug_loc     0x000000a0      0x20c 1.0 MCAL/SourceFile/ATmega32A_Interrupt.o
 .debug_loc     0x000002ac      0x546 1.0 MCAL/SourceFile/ATmega32A_Timers_Config.o
 .debug_loc     0x000007f2       0xe4 2.0 HAL/SourceFile/BCD_7Segment.o
 .debug_loc     0x000008d6      0x57b 2.0 HAL/SourceFile/Keypad_Config_Driver.o
 .debug_loc     0x00000e51      0x339 2.0 HAL/SourceFile/LCD.o
 .debug_loc     0x0000118a       0xe3 3.0 APP/SourceFile/RealTime_ClK.o

.debug_macinfo
 *(.debug_macinfo)
OUTPUT(Digital Clock.elf elf32-avr)
LOAD linker stubs

.debug_ranges   0x00000000       0x10
 .debug_ranges  0x00000000       0x10 Digital Clock.o
